// Vitest Snapshot v1

exports[`The release notes > should render the release notes title 1`] = `
<h1>
  Release Notes
</h1>
`;
