// Vitest Snapshot v1

exports[`UI elements > Testing the test form! > should render the header Test Form 1`] = `
<h1>
  Test Form
</h1>
`;
